Time[ps]      Etot[eV]     Epot[eV]     Ekin[eV]    T[K]
0.0000           2.7739       2.7739       0.0000     0.0
0.0010           2.7109       2.3385       0.3724   960.4
0.0020           2.6999       1.8917       0.8081  2084.0
0.0030           2.7515       2.0458       0.7057  1820.0
0.0040           2.8024       2.4591       0.3433   885.3
0.0050           2.8047       2.7563       0.0483   124.6
0.0060           2.8063       2.7748       0.0314    81.0
0.0070           2.8079       2.5046       0.3033   782.1
0.0080           2.8205       2.0824       0.7380  1903.2
0.0090           2.7796       1.8872       0.8923  2301.1
0.0100           2.7829       2.3378       0.4451  1147.8
0.0110           2.8637       2.8593       0.0044    11.2
0.0120           2.7906       2.4174       0.3732   962.4
0.0130           2.7618       1.9022       0.8596  2216.8
0.0140           2.7882       2.0347       0.7535  1943.1
0.0150           2.8309       2.4567       0.3742   965.0
0.0160           2.8503       2.7798       0.0705   181.8
0.0170           2.8533       2.8353       0.0179    46.2
0.0180           2.8468       2.5951       0.2517   649.1
0.0190           2.8096       2.1755       0.6341  1635.2
0.0200           2.7743       1.8906       0.8837  2278.9
0.0210           2.7551       2.1846       0.5705  1471.3
0.0220           2.8418       2.7846       0.0572   147.5
0.0230           2.8084       2.5452       0.2633   678.9
0.0240           2.7436       1.9608       0.7828  2018.7
0.0250           2.7626       1.9713       0.7913  2040.7
0.0260           2.8054       2.3594       0.4461  1150.3
0.0270           2.8265       2.7129       0.1136   292.9
0.0280           2.8333       2.8286       0.0046    12.0
0.0290           2.8265       2.6640       0.1625   419.0
0.0300           2.8059       2.2838       0.5222  1346.5
0.0310           2.7861       1.9371       0.8490  2189.4
0.0320           2.7639       2.0577       0.7062  1821.1
0.0330           2.8479       2.6640       0.1840   474.5
0.0340           2.8504       2.7022       0.1482   382.2
0.0350           2.8003       2.0901       0.7102  1831.6
0.0360           2.8097       1.9294       0.8803  2270.1
0.0370           2.8544       2.2770       0.5774  1489.0
0.0380           2.8681       2.6780       0.1901   490.3
0.0390           2.8804       2.8661       0.0143    37.0
0.0400           2.8822       2.7572       0.1250   322.4
0.0410           2.8825       2.3986       0.4839  1247.8
0.0420           2.8649       2.0189       0.8459  2181.5
0.0430           2.8283       2.0512       0.7771  2004.0
0.0440           2.8874       2.5777       0.3098   798.8
0.0450           2.8981       2.7045       0.1937   499.4
0.0460           2.8333       2.1881       0.6452  1663.8
0.0470           2.8404       1.9575       0.8828  2276.6
0.0480           2.8772       2.2422       0.6350  1637.6
0.0490           2.8751       2.6407       0.2344   604.4
0.0500           2.8763       2.8561       0.0201    51.9
0.0510           2.8740       2.7941       0.0798   205.8
0.0520           2.8460       2.5071       0.3390   874.1
0.0530           2.8371       2.1809       0.6562  1692.2
0.0540           2.8344       2.1126       0.7218  1861.2
0.0550           2.8531       2.3669       0.4863  1254.0
0.0560           2.8475       2.4916       0.3560   918.0
0.0570           2.8384       2.2974       0.5410  1395.0
0.0580           2.8422       2.0926       0.7496  1933.0
0.0590           2.8872       2.1938       0.6934  1788.1
0.0600           2.8939       2.5283       0.3656   942.8
0.0610           2.9144       2.8215       0.0929   239.6
0.0620           2.9191       2.9057       0.0135    34.7
0.0630           2.9301       2.7375       0.1926   496.6
0.0640           2.9025       2.3931       0.5094  1313.6
0.0650           2.8946       2.1053       0.7893  2035.5
0.0660           2.8857       2.1453       0.7404  1909.4
0.0670           2.8946       2.4433       0.4513  1163.8
0.0680           2.8985       2.5323       0.3662   944.3
0.0690           2.8774       2.2513       0.6261  1614.5
0.0700           2.8572       2.0719       0.7853  2025.1
0.0710           2.8785       2.2944       0.5841  1506.2
0.0720           2.8905       2.6536       0.2370   611.1
0.0730           2.8913       2.8580       0.0333    86.0
0.0740           2.8854       2.7921       0.0934   240.8
0.0750           2.8522       2.4827       0.3695   952.8
0.0760           2.8216       2.0819       0.7397  1907.6
0.0770           2.7733       1.9359       0.8374  2159.5
0.0780           2.7802       2.3380       0.4422  1140.3
0.0790           2.8408       2.7433       0.0975   251.4
0.0800           2.7703       2.3585       0.4118  1061.8
0.0810           2.7472       1.9356       0.8116  2092.9
0.0820           2.7972       2.0924       0.7048  1817.7
0.0830           2.8238       2.4966       0.3272   843.7
0.0840           2.8289       2.7732       0.0557   143.7
0.0850           2.8289       2.7700       0.0589   151.8
0.0860           2.8231       2.4830       0.3401   877.1
0.0870           2.7821       2.0671       0.7150  1843.9
0.0880           2.7707       1.9037       0.8670  2235.8
0.0890           2.8283       2.3881       0.4402  1135.1
0.0900           2.9130       2.8703       0.0427   110.0
0.0910           2.8283       2.3807       0.4476  1154.2
0.0920           2.7928       1.9069       0.8859  2284.5
0.0930           2.8525       2.0589       0.7935  2046.4
0.0940           2.8784       2.4841       0.3942  1016.7
0.0950           2.8851       2.7973       0.0878   226.4
0.0960           2.8806       2.8415       0.0391   100.8
0.0970           2.8699       2.6144       0.2555   658.9
0.0980           2.8659       2.2318       0.6340  1635.0
0.0990           2.8289       2.0030       0.8259  2129.8
0.1000           2.8520       2.2456       0.6064  1563.7
0.1010           2.8966       2.6298       0.2668   688.0
0.1020           2.8834       2.4975       0.3860   995.3
0.1030           2.8588       2.1019       0.7569  1951.9
0.1040           2.8716       2.0480       0.8236  2123.8
0.1050           2.9292       2.3656       0.5636  1453.5
0.1060           2.9441       2.7363       0.2077   535.7
0.1070           2.9509       2.9189       0.0320    82.4
0.1080           2.9531       2.8276       0.1255   323.8
0.1090           2.9340       2.5057       0.4283  1104.5
0.1100           2.9355       2.1240       0.8115  2092.6
0.1110           2.8789       2.0121       0.8669  2235.4
0.1120           2.8867       2.3551       0.5316  1370.9
0.1130           2.9240       2.6801       0.2439   629.0
0.1140           2.9059       2.4402       0.4657  1201.0
0.1150           2.8684       2.0310       0.8374  2159.5
0.1160           2.8734       2.0938       0.7796  2010.4
0.1170           2.8932       2.4682       0.4250  1095.9
0.1180           2.9167       2.7934       0.1233   318.0
0.1190           2.9114       2.8788       0.0326    83.9
0.1200           2.9060       2.6773       0.2288   590.0
0.1210           2.9080       2.2709       0.6371  1643.0
0.1220           2.8647       1.9140       0.9507  2451.7
0.1230           2.8600       2.0588       0.8011  2065.9
0.1240           2.9337       2.7320       0.2017   520.1
0.1250           2.9437       2.7820       0.1617   417.1
0.1260           2.8676       2.1031       0.7644  1971.3
0.1270           2.8685       1.9016       0.9669  2493.5
0.1280           2.8961       2.2291       0.6670  1720.2
0.1290           2.9021       2.6361       0.2660   685.9
0.1300           2.8996       2.8534       0.0462   119.1
0.1310           2.8904       2.7969       0.0935   241.2
0.1320           2.8800       2.4996       0.3804   981.1
0.1330           2.8531       2.1225       0.7306  1884.1
0.1340           2.8545       1.9919       0.8626  2224.5
0.1350           2.8996       2.3409       0.5586  1440.6
0.1360           2.9504       2.7064       0.2440   629.2
0.1370           2.9236       2.4838       0.4399  1134.3
0.1380           2.8859       2.0481       0.8378  2160.4
0.1390           2.8892       2.0518       0.8375  2159.6
0.1400           2.9019       2.4101       0.4918  1268.2
0.1410           2.9142       2.7595       0.1547   399.0
0.1420           2.9203       2.8930       0.0273    70.4
0.1430           2.9137       2.7525       0.1612   415.7
0.1440           2.9118       2.3912       0.5205  1342.3
0.1450           2.8667       2.0094       0.8573  2210.9
0.1460           2.8509       1.9846       0.8663  2234.1
0.1470           2.9060       2.4979       0.4081  1052.4
0.1480           2.9551       2.8221       0.1331   343.2
0.1490           2.8816       2.3301       0.5515  1422.2
0.1500           2.8440       1.9314       0.9126  2353.3
0.1510           2.8871       2.1263       0.7608  1961.9
0.1520           2.9084       2.5459       0.3624   934.6
0.1530           2.9082       2.8289       0.0793   204.5
0.1540           2.9056       2.8376       0.0680   175.4
0.1550           2.8913       2.5673       0.3239   835.4
0.1560           2.8833       2.1415       0.7418  1912.8
0.1570           2.8550       1.8975       0.9575  2469.2
0.1580           2.8802       2.2832       0.5969  1539.3
0.1590           2.9704       2.8816       0.0888   229.0
0.1600           2.9135       2.5464       0.3671   946.7
0.1610           2.8267       1.9670       0.8598  2217.2
0.1620           2.8269       1.9807       0.8462  2182.0
0.1630           2.8628       2.3634       0.4994  1288.0
0.1640           2.8700       2.7193       0.1507   388.6
0.1650           2.8708       2.8466       0.0242    62.5
0.1660           2.8610       2.7054       0.1556   401.3
0.1670           2.8418       2.3701       0.4717  1216.5
0.1680           2.8333       2.0626       0.7708  1987.6
0.1690           2.8529       2.1154       0.7375  1901.8
0.1700           2.9007       2.4965       0.4042  1042.3
0.1710           2.9264       2.6137       0.3127   806.4
0.1720           2.8801       2.2835       0.5966  1538.5
0.1730           2.8769       2.0147       0.8622  2223.4
0.1740           2.8796       2.2071       0.6725  1734.2
0.1750           2.9110       2.5957       0.3153   813.2
0.1760           2.9409       2.8741       0.0668   172.3
0.1770           2.9446       2.8976       0.0470   121.1
0.1780           2.9310       2.6440       0.2869   739.9
0.1790           2.9145       2.2132       0.7013  1808.5
0.1800           2.8772       1.9050       0.9722  2507.2
0.1810           2.8506       2.1746       0.6760  1743.3
0.1820           2.9256       2.8187       0.1069   275.7
0.1830           2.8907       2.6269       0.2637   680.1
0.1840           2.7980       1.9915       0.8065  2079.9
0.1850           2.8588       1.9730       0.8858  2284.3
0.1860           2.8642       2.3850       0.4792  1235.8
0.1870           2.8643       2.7512       0.1131   291.7
0.1880           2.8712       2.8562       0.0150    38.7
0.1890           2.8668       2.6582       0.2086   538.0
0.1900           2.8560       2.2370       0.6190  1596.2
0.1910           2.8213       1.8988       0.9224  2378.8
0.1920           2.7892       2.1379       0.6512  1679.4
0.1930           2.8588       2.7811       0.0777   200.4
0.1940           2.8256       2.6055       0.2201   567.6
0.1950           2.7690       1.9825       0.7865  2028.3
0.1960           2.8102       1.9583       0.8518  2196.6
0.1970           2.8578       2.3595       0.4984  1285.2
0.1980           2.8615       2.7309       0.1306   336.7
0.1990           2.8670       2.8517       0.0152    39.2
0.2000           2.8588       2.6756       0.1832   472.5
0.2010           2.8205       2.2968       0.5237  1350.4
0.2020           2.7985       1.9855       0.8130  2096.4
0.2030           2.7898       2.1314       0.6584  1698.0
0.2040           2.8542       2.6090       0.2453   632.5
0.2050           2.8330       2.5726       0.2605   671.7
0.2060           2.7639       2.1045       0.6594  1700.3
0.2070           2.7390       1.9762       0.7628  1967.1
0.2080           2.7675       2.2549       0.5126  1321.8
0.2090           2.7832       2.6054       0.1778   458.5
0.2100           2.7961       2.7817       0.0143    37.0
0.2110           2.7915       2.7065       0.0849   219.0
0.2120           2.7679       2.4146       0.3533   911.2
0.2130           2.7578       2.0664       0.6914  1783.0
0.2140           2.7305       1.9889       0.7416  1912.5
0.2150           2.7855       2.3537       0.4318  1113.5
0.2160           2.8158       2.6486       0.1672   431.1
0.2170           2.7705       2.3258       0.4447  1146.8
0.2180           2.7475       1.9732       0.7743  1996.7
0.2190           2.7676       2.1055       0.6622  1707.6
0.2200           2.7848       2.4708       0.3139   809.6
0.2210           2.7932       2.7334       0.0598   154.3
0.2220           2.7909       2.7414       0.0496   127.8
0.2230           2.7796       2.4855       0.2941   758.5
0.2240           2.7742       2.0853       0.6888  1776.4
0.2250           2.7413       1.8833       0.8580  2212.6
0.2260           2.7630       2.2762       0.4869  1255.5
0.2270           2.8548       2.8240       0.0308    79.3
0.2280           2.7966       2.4628       0.3338   860.8
0.2290           2.7578       1.9203       0.8376  2160.0
0.2300           2.7839       1.9994       0.7845  2023.1
0.2310           2.8162       2.4028       0.4134  1066.1
0.2320           2.8160       2.7243       0.0917   236.5
0.2330           2.8195       2.7894       0.0301    77.6
0.2340           2.8219       2.5806       0.2412   622.1
0.2350           2.8071       2.1966       0.6104  1574.2
0.2360           2.8028       1.9402       0.8625  2224.3
0.2370           2.8211       2.2117       0.6094  1571.6
0.2380           2.8796       2.7222       0.1574   405.8
0.2390           2.8522       2.5473       0.3049   786.3
0.2400           2.8207       2.0432       0.7775  2005.0
0.2410           2.8498       1.9845       0.8652  2231.3
0.2420           2.8758       2.3267       0.5491  1415.9
0.2430           2.8940       2.7020       0.1920   495.1
0.2440           2.9054       2.8903       0.0152    39.1
0.2450           2.9038       2.8084       0.0954   245.9
0.2460           2.8904       2.4875       0.4029  1039.0
0.2470           2.8565       2.1220       0.7345  1894.1
0.2480           2.8577       2.0337       0.8240  2125.0
0.2490           2.8891       2.3657       0.5234  1349.7
0.2500           2.9213       2.6685       0.2528   651.8
0.2510           2.8972       2.4577       0.4395  1133.4
0.2520           2.8523       2.0552       0.7972  2055.8
0.2530           2.8813       2.0954       0.7859  2026.6
0.2540           2.9054       2.4669       0.4384  1130.6
0.2550           2.9218       2.8014       0.1204   310.6
0.2560           2.9286       2.8940       0.0345    89.1
0.2570           2.9235       2.6996       0.2239   577.3
0.2580           2.9074       2.2907       0.6167  1590.3
0.2590           2.8566       1.9214       0.9352  2411.7
0.2600           2.8282       2.0589       0.7692  1983.7
0.2610           2.9191       2.7346       0.1845   475.7
0.2620           2.9279       2.7719       0.1561   402.5
0.2630           2.8381       2.1057       0.7324  1888.7
0.2640           2.8369       1.9036       0.9333  2406.8
0.2650           2.8617       2.2156       0.6461  1666.2
0.2660           2.8726       2.6075       0.2651   683.7
0.2670           2.8755       2.8213       0.0542   139.7
0.2680           2.8805       2.7756       0.1049   270.4
0.2690           2.8672       2.5243       0.3429   884.3
0.2700           2.8508       2.2508       0.6000  1547.2
0.2710           2.8499       2.2104       0.6395  1649.1
0.2720           2.8669       2.3381       0.5287  1363.5
0.2730           2.8426       2.3256       0.5170  1333.2
0.2740           2.8401       2.3012       0.5389  1389.7
0.2750           2.8341       2.2462       0.5879  1516.0
0.2760           2.8081       2.1868       0.6214  1602.4
0.2770           2.8103       2.3514       0.4589  1183.5
0.2780           2.8362       2.6240       0.2122   547.1
0.2790           2.8313       2.7800       0.0513   132.3
0.2800           2.8305       2.7048       0.1257   324.2
0.2810           2.8243       2.4035       0.4208  1085.0
0.2820           2.8085       2.0199       0.7886  2033.7
0.2830           2.7694       1.9066       0.8628  2225.0
0.2840           2.8180       2.3940       0.4239  1093.2
0.2850           2.8887       2.8504       0.0383    98.9
0.2860           2.8102       2.3624       0.4478  1154.8
0.2870           2.7843       1.8971       0.8873  2288.0
0.2880           2.8421       2.0447       0.7974  2056.3
0.2890           2.8552       2.4427       0.4124  1063.6
0.2900           2.8644       2.7391       0.1253   323.2
0.2910           2.8802       2.7956       0.0846   218.3
0.2920           2.8802       2.6120       0.2682   691.5
0.2930           2.8579       2.3210       0.5370  1384.7
0.2940           2.8391       2.1779       0.6612  1705.2
0.2950           2.8716       2.2946       0.5770  1487.9
0.2960           2.8664       2.3459       0.5205  1342.3
0.2970           2.8397       2.2717       0.5681  1464.9
0.2980           2.8046       2.2368       0.5678  1464.4
0.2990           2.7707       2.1614       0.6093  1571.4
0.3000           2.7846       2.2489       0.5356  1381.3
0.3010           2.7958       2.5086       0.2872   740.6
0.3020           2.8126       2.7243       0.0882   227.5
0.3030           2.8300       2.7426       0.0873   225.2
0.3040           2.8225       2.5236       0.2989   770.9
0.3050           2.7935       2.1512       0.6423  1656.4
0.3060           2.7571       1.8894       0.8676  2237.4
0.3070           2.7448       2.1277       0.6171  1591.5
0.3080           2.8224       2.7125       0.1098   283.3
0.3090           2.7922       2.5848       0.2073   534.6
0.3100           2.7261       1.9952       0.7309  1884.8
0.3110           2.7562       1.9369       0.8193  2112.8
0.3120           2.7348       2.2809       0.4539  1170.6
0.3130           2.7298       2.5955       0.1343   346.3
0.3140           2.7273       2.6803       0.0471   121.4
0.3150           2.7167       2.5140       0.2027   522.7
0.3160           2.7057       2.2122       0.4935  1272.6
0.3170           2.6984       2.0469       0.6515  1680.0
0.3180           2.7502       2.2515       0.4987  1286.1
0.3190           2.7743       2.4959       0.2784   717.9
0.3200           2.7479       2.3453       0.4026  1038.3
0.3210           2.7241       2.0900       0.6341  1635.2
0.3220           2.7172       2.0538       0.6634  1710.7
0.3230           2.7290       2.2719       0.4570  1178.6
0.3240           2.7577       2.5635       0.1942   500.7
0.3250           2.7608       2.7306       0.0301    77.7
0.3260           2.7630       2.6811       0.0819   211.2
0.3270           2.7580       2.4362       0.3218   829.7
0.3280           2.7226       2.1330       0.5896  1520.4
0.3290           2.6904       2.0064       0.6840  1764.0
0.3300           2.6981       2.1794       0.5187  1337.6
0.3310           2.7390       2.4445       0.2945   759.4
0.3320           2.7328       2.3834       0.3494   901.1
0.3330           2.6815       2.0711       0.6104  1574.2
0.3340           2.7135       2.0734       0.6401  1650.8
0.3350           2.7657       2.3748       0.3908  1007.9
0.3360           2.7715       2.6530       0.1184   305.4
0.3370           2.7692       2.6943       0.0748   193.0
0.3380           2.7615       2.4659       0.2956   762.4
0.3390           2.7465       2.0867       0.6599  1701.7
0.3400           2.7067       1.8876       0.8191  2112.3
0.3410           2.7153       2.2581       0.4572  1178.9
0.3420           2.7956       2.7401       0.0555   143.0
0.3430           2.7298       2.3729       0.3569   920.4
0.3440           2.6874       1.9108       0.7767  2002.9
0.3450           2.7102       2.0214       0.6888  1776.3
0.3460           2.7302       2.3943       0.3359   866.2
0.3470           2.7370       2.6661       0.0709   182.9
0.3480           2.7407       2.6838       0.0569   146.8
0.3490           2.7242       2.4537       0.2705   697.6
0.3500           2.7248       2.1172       0.6076  1566.8
0.3510           2.7153       1.9992       0.7160  1846.5
0.3520           2.7542       2.3425       0.4117  1061.8
0.3530           2.7858       2.5765       0.2092   539.5
0.3540           2.7430       2.2494       0.4935  1272.7
0.3550           2.7317       1.9704       0.7613  1963.3
0.3560           2.7677       2.0966       0.6711  1730.6
0.3570           2.7839       2.4237       0.3602   928.8
0.3580           2.8031       2.6797       0.1234   318.3
0.3590           2.8071       2.7311       0.0760   195.9
0.3600           2.7799       2.5761       0.2038   525.6
0.3610           2.7530       2.3057       0.4473  1153.5
0.3620           2.7473       2.0988       0.6485  1672.2
0.3630           2.7330       2.1102       0.6228  1606.1
0.3640           2.7352       2.2430       0.4921  1269.1
0.3650           2.7207       2.3071       0.4136  1066.6
0.3660           2.7047       2.1867       0.5181  1336.0
0.3670           2.6759       2.0729       0.6030  1555.1
0.3680           2.7106       2.2234       0.4872  1256.5
0.3690           2.7283       2.5017       0.2266   584.3
0.3700           2.7223       2.6596       0.0627   161.7
0.3710           2.7148       2.5823       0.1325   341.8
0.3720           2.7148       2.2917       0.4231  1091.2
0.3730           2.6942       1.9622       0.7321  1887.8
0.3740           2.6985       1.9454       0.7531  1942.0
0.3750           2.7370       2.4179       0.3192   823.1
0.3760           2.7680       2.6297       0.1383   356.7
0.3770           2.6859       2.1518       0.5341  1377.3
0.3780           2.6519       1.8955       0.7564  1950.5
0.3790           2.6502       2.1166       0.5336  1376.1
0.3800           2.6636       2.4389       0.2247   579.4
0.3810           2.6796       2.5967       0.0829   213.7
0.3820           2.6684       2.5180       0.1504   387.8
0.3830           2.6485       2.2516       0.3970  1023.8
0.3840           2.6068       1.9995       0.6073  1566.0
0.3850           2.6005       2.0582       0.5423  1398.5
0.3860           2.6477       2.3816       0.2660   686.1
0.3870           2.6591       2.4012       0.2578   664.8
0.3880           2.6213       2.1042       0.5172  1333.7
0.3890           2.5904       1.9573       0.6330  1632.4
0.3900           2.6253       2.1107       0.5146  1327.0
0.3910           2.6479       2.3925       0.2554   658.5
0.3920           2.6538       2.5892       0.0646   166.6
0.3930           2.6587       2.5839       0.0748   192.9
0.3940           2.6451       2.3828       0.2623   676.4
0.3950           2.6315       2.1050       0.5265  1357.7
0.3960           2.6268       1.9742       0.6527  1683.1
0.3970           2.6419       2.1521       0.4898  1263.1
0.3980           2.6674       2.4147       0.2528   651.8
0.3990           2.6428       2.3168       0.3260   840.8
0.4000           2.5931       2.0212       0.5719  1474.8
0.4010           2.6042       2.0271       0.5771  1488.2
0.4020           2.6329       2.3003       0.3326   857.8
0.4030           2.6356       2.5403       0.0953   245.7
0.4040           2.6352       2.5674       0.0678   174.8
0.4050           2.6193       2.3580       0.2613   673.7
0.4060           2.6042       2.0348       0.5694  1468.3
0.4070           2.5834       1.8887       0.6947  1791.5
0.4080           2.6000       2.2217       0.3782   975.4
0.4090           2.6604       2.5893       0.0711   183.2
0.4100           2.6125       2.2685       0.3441   887.3
0.4110           2.5814       1.8976       0.6839  1763.6
0.4120           2.6370       2.0076       0.6294  1623.1
0.4130           2.6497       2.3417       0.3080   794.3
0.4140           2.6651       2.5784       0.0867   223.5
0.4150           2.6606       2.5787       0.0819   211.2
0.4160           2.6476       2.3625       0.2851   735.1
0.4170           2.6255       2.0780       0.5476  1412.1
0.4180           2.6264       2.0125       0.6139  1583.1
0.4190           2.6510       2.2857       0.3653   942.0
0.4200           2.6630       2.4337       0.2293   591.3
0.4210           2.6322       2.2010       0.4312  1112.0
0.4220           2.5962       1.9853       0.6109  1575.4
0.4230           2.6131       2.0530       0.5601  1444.4
0.4240           2.6347       2.3093       0.3254   839.2
0.4250           2.6426       2.5343       0.1083   279.3
0.4260           2.6408       2.5869       0.0540   139.2
0.4270           2.6421       2.4313       0.2107   543.4
0.4280           2.6350       2.1474       0.4877  1257.6
0.4290           2.6154       1.9393       0.6761  1743.5
0.4300           2.6100       2.0353       0.5747  1482.1
0.4310           2.6190       2.3845       0.2345   604.8
0.4320           2.6342       2.4410       0.1932   498.2
0.4330           2.5933       2.0869       0.5064  1305.9
0.4340           2.6062       1.9563       0.6499  1675.9
0.4350           2.6566       2.1900       0.4667  1203.4
0.4360           2.6773       2.4819       0.1954   504.0
0.4370           2.6923       2.5999       0.0924   238.2
0.4380           2.6942       2.4712       0.2231   575.2
0.4390           2.6759       2.1709       0.5050  1302.3
0.4400           2.6419       1.9486       0.6932  1787.7
0.4410           2.6121       2.1077       0.5044  1300.8
0.4420           2.6561       2.4471       0.2091   539.1
0.4430           2.6550       2.3569       0.2980   768.5
0.4440           2.6411       2.0418       0.5992  1545.3
0.4450           2.6396       1.9762       0.6634  1710.9
0.4460           2.6614       2.1848       0.4766  1228.9
0.4470           2.6667       2.4576       0.2091   539.2
0.4480           2.6618       2.6041       0.0577   148.8
0.4490           2.6644       2.5643       0.1001   258.2
0.4500           2.6645       2.3773       0.2872   740.5
0.4510           2.6546       2.1607       0.4939  1273.6
0.4520           2.6471       2.0626       0.5844  1507.1
0.4530           2.6328       2.1107       0.5221  1346.3
0.4540           2.6642       2.2248       0.4394  1133.2
0.4550           2.6969       2.2807       0.4163  1073.4
0.4560           2.6625       2.1423       0.5201  1341.3
0.4570           2.6624       2.0715       0.5910  1523.9
0.4580           2.6866       2.2458       0.4408  1136.8
0.4590           2.7073       2.4760       0.2314   596.6
0.4600           2.7075       2.5557       0.1518   391.4
0.4610           2.7046       2.4144       0.2902   748.4
0.4620           2.6851       2.1151       0.5700  1469.9
0.4630           2.6540       1.9119       0.7420  1913.6
0.4640           2.6444       2.1275       0.5170  1333.2
0.4650           2.6963       2.5245       0.1718   443.0
0.4660           2.6766       2.3474       0.3292   849.0
0.4670           2.6468       1.9580       0.6888  1776.3
0.4680           2.6695       1.9346       0.7349  1895.2
0.4690           2.6655       2.1835       0.4821  1243.1
0.4700           2.6828       2.4469       0.2358   608.1
0.4710           2.6801       2.5732       0.1069   275.6
0.4720           2.6743       2.5185       0.1558   401.7
0.4730           2.6582       2.3254       0.3328   858.3
0.4740           2.6375       2.1114       0.5261  1356.7
0.4750           2.6179       2.0239       0.5940  1531.8
0.4760           2.6333       2.0955       0.5378  1386.9
0.4770           2.6251       2.2515       0.3736   963.4
0.4780           2.6436       2.2783       0.3653   942.1
0.4790           2.6454       2.0970       0.5484  1414.1
0.4800           2.6625       2.0831       0.5795  1494.3
0.4810           2.6781       2.3092       0.3689   951.2
0.4820           2.6824       2.5263       0.1560   402.4
0.4830           2.6908       2.5602       0.1306   336.8
0.4840           2.6965       2.3634       0.3331   859.0
0.4850           2.6844       2.0407       0.6436  1659.7
0.4860           2.6579       1.9015       0.7563  1950.4
0.4870           2.6737       2.2595       0.4142  1068.2
0.4880           2.7314       2.6160       0.1154   297.6
0.4890           2.6530       2.2625       0.3906  1007.2
0.4900           2.6229       1.9088       0.7141  1841.4
0.4910           2.6353       2.0259       0.6094  1571.5
0.4920           2.6393       2.3374       0.3019   778.6
0.4930           2.6510       2.5484       0.1026   264.6
0.4940           2.6478       2.5533       0.0944   243.6
0.4950           2.6514       2.3715       0.2798   721.6
0.4960           2.6465       2.1570       0.4895  1262.3
0.4970           2.6618       2.1309       0.5309  1369.2
0.4980           2.6632       2.2462       0.4170  1075.3
0.4990           2.6519       2.2273       0.4246  1094.8
0.5000           2.6439       2.1280       0.5159  1330.4
0.5010           2.6413       2.0819       0.5594  1442.5
0.5020           2.6264       2.1635       0.4629  1193.7
0.5030           2.6230       2.3527       0.2703   697.1
0.5040           2.6226       2.5188       0.1037   267.5
0.5050           2.6174       2.5420       0.0754   194.5
0.5060           2.6221       2.3857       0.2363   609.5
0.5070           2.6154       2.1203       0.4950  1276.6
0.5080           2.5915       1.9321       0.6594  1700.4
0.5090           2.6037       2.0356       0.5680  1464.8
0.5100           2.6311       2.3679       0.2632   678.8
0.5110           2.6357       2.3977       0.2380   613.9
0.5120           2.5931       2.0580       0.5352  1380.1
0.5130           2.5990       1.9649       0.6341  1635.2
0.5140           2.6259       2.1961       0.4297  1108.2
0.5150           2.6455       2.4509       0.1946   501.8
0.5160           2.6512       2.5282       0.1230   317.3
0.5170           2.6480       2.3885       0.2595   669.1
0.5180           2.6230       2.1305       0.4924  1269.9
0.5190           2.5877       2.0050       0.5827  1502.8
0.5200           2.6091       2.1926       0.4164  1073.9
0.5210           2.6420       2.3711       0.2709   698.6
0.5220           2.6048       2.2321       0.3727   961.1
0.5230           2.5845       2.0341       0.5504  1419.4
0.5240           2.5808       2.0145       0.5663  1460.2
0.5250           2.5917       2.1850       0.4067  1048.8
0.5260           2.5853       2.4093       0.1760   453.9
0.5270           2.5812       2.5279       0.0533   137.5
0.5280           2.5800       2.4759       0.1040   268.3
0.5290           2.5741       2.2636       0.3105   800.7
0.5300           2.5490       2.0119       0.5371  1385.0
0.5310           2.5181       1.9307       0.5874  1514.7
0.5320           2.5293       2.1539       0.3754   968.0
0.5330           2.5821       2.4403       0.1418   365.6
0.5340           2.5738       2.3055       0.2682   691.7
0.5350           2.5402       1.9824       0.5578  1438.4
0.5360           2.5675       1.9811       0.5864  1512.1
0.5370           2.5651       2.2295       0.3356   865.5
0.5380           2.5747       2.4423       0.1324   341.5
0.5390           2.5694       2.4631       0.1063   274.1
0.5400           2.5573       2.2830       0.2742   707.2
0.5410           2.5520       2.0403       0.5117  1319.6
0.5420           2.5469       1.9825       0.5644  1455.5
0.5430           2.5652       2.2182       0.3470   894.9
0.5440           2.5704       2.3649       0.2055   529.9
0.5450           2.5356       2.2008       0.3348   863.5
0.5460           2.5279       1.9936       0.5343  1377.7
0.5470           2.5363       2.0092       0.5271  1359.4
0.5480           2.5468       2.2198       0.3270   843.2
0.5490           2.5657       2.4389       0.1268   327.0
0.5500           2.5716       2.5190       0.0526   135.6
0.5510           2.5698       2.4101       0.1597   411.9
0.5520           2.5696       2.1639       0.4057  1046.2
0.5530           2.5504       1.9446       0.6058  1562.1
0.5540           2.5512       1.9849       0.5663  1460.3
0.5550           2.5768       2.2983       0.2785   718.1
0.5560           2.6040       2.4358       0.1681   433.6
0.5570           2.5651       2.1377       0.4273  1102.0
0.5580           2.5433       1.9276       0.6157  1587.8
0.5590           2.5571       2.0766       0.4805  1239.0
0.5600           2.5514       2.3437       0.2077   535.5
0.5610           2.5679       2.4855       0.0823   212.3
0.5620           2.5655       2.4217       0.1438   370.9
0.5630           2.5491       2.1911       0.3580   923.3
0.5640           2.5488       1.9701       0.5788  1492.5
0.5650           2.5439       2.0228       0.5211  1343.9
0.5660           2.5754       2.3265       0.2489   642.0
0.5670           2.5869       2.3692       0.2177   561.5
0.5680           2.5568       2.1025       0.4544  1171.7
0.5690           2.5393       1.9408       0.5986  1543.6
0.5700           2.5632       2.0591       0.5041  1299.9
0.5710           2.5748       2.3103       0.2645   682.0
0.5720           2.5759       2.4959       0.0801   206.5
0.5730           2.5749       2.5076       0.0673   173.5
0.5740           2.5655       2.3436       0.2220   572.4
0.5750           2.5524       2.0934       0.4590  1183.6
0.5760           2.5384       1.9494       0.5889  1518.8
0.5770           2.5656       2.0780       0.4876  1257.5
0.5780           2.6017       2.3676       0.2341   603.7
0.5790           2.6097       2.3571       0.2526   651.4
0.5800           2.5599       2.0448       0.5151  1328.4
0.5810           2.5716       1.9759       0.5957  1536.1
0.5820           2.6030       2.2115       0.3915  1009.6
0.5830           2.6295       2.4637       0.1658   427.6
0.5840           2.6277       2.5326       0.0950   245.1
0.5850           2.6205       2.3723       0.2482   640.2
0.5860           2.5977       2.0894       0.5082  1310.6
0.5870           2.5764       1.9476       0.6288  1621.6
0.5880           2.6036       2.1821       0.4215  1087.0
0.5890           2.6438       2.4441       0.1997   515.0
0.5900           2.5956       2.2524       0.3433   885.2
0.5910           2.5895       1.9648       0.6247  1611.0
0.5920           2.6086       1.9860       0.6226  1605.6
0.5930           2.6380       2.2417       0.3962  1021.8
0.5940           2.6805       2.5000       0.1805   465.6
0.5950           2.6869       2.6110       0.0759   195.7
0.5960           2.6848       2.5200       0.1648   425.0
0.5970           2.6709       2.2930       0.3779   974.5
0.5980           2.6453       2.1009       0.5444  1403.9
0.5990           2.6245       2.0933       0.5312  1369.8
0.6000           2.6218       2.2032       0.4186  1079.6
0.6010           2.6400       2.2474       0.3926  1012.4
0.6020           2.6398       2.1631       0.4767  1229.3
0.6030           2.6018       2.0967       0.5051  1302.6
0.6040           2.5856       2.2019       0.3837   989.5
0.6050           2.5999       2.4069       0.1930   497.7
0.6060           2.6105       2.5391       0.0713   184.0
0.6070           2.6072       2.4987       0.1085   279.7
0.6080           2.5968       2.2855       0.3114   802.9
0.6090           2.5759       2.0115       0.5644  1455.4
0.6100           2.5362       1.9249       0.6113  1576.5
0.6110           2.5770       2.2163       0.3606   930.0
0.6120           2.6039       2.4912       0.1127   290.6
0.6130           2.5573       2.2126       0.3447   888.9
0.6140           2.5303       1.9311       0.5992  1545.3
0.6150           2.5357       2.0489       0.4868  1255.4
0.6160           2.5438       2.3105       0.2333   601.6
0.6170           2.5496       2.4583       0.0912   235.3
0.6180           2.5556       2.3914       0.1642   423.5
0.6190           2.5338       2.1560       0.3778   974.4
0.6200           2.4939       1.9572       0.5367  1384.1
0.6210           2.4799       2.0289       0.4509  1162.9
0.6220           2.5269       2.2755       0.2514   648.3
0.6230           2.5287       2.2679       0.2609   672.7
0.6240           2.5123       2.0416       0.4707  1213.9
0.6250           2.5264       1.9524       0.5740  1480.2
0.6260           2.5477       2.0981       0.4496  1159.3
0.6270           2.5533       2.3248       0.2284   589.1
0.6280           2.5489       2.4610       0.0879   226.7
0.6290           2.5453       2.4287       0.1166   300.7
0.6300           2.5433       2.2500       0.2933   756.2
0.6310           2.5335       2.0393       0.4942  1274.4
0.6320           2.5258       1.9611       0.5646  1456.1
0.6330           2.5252       2.0993       0.4259  1098.4
0.6340           2.5478       2.2853       0.2625   677.1
0.6350           2.5490       2.2207       0.3282   846.5
0.6360           2.5298       2.0002       0.5296  1365.7
0.6370           2.5233       1.9887       0.5347  1378.8
0.6380           2.5426       2.1806       0.3620   933.6
0.6390           2.5495       2.3571       0.1924   496.1
0.6400           2.5478       2.3743       0.1735   447.4
0.6410           2.5335       2.2252       0.3083   795.1
0.6420           2.5053       2.0196       0.4857  1252.5
0.6430           2.4792       1.9632       0.5160  1330.8
0.6440           2.4967       2.1494       0.3473   895.7
0.6450           2.5013       2.2785       0.2228   574.7
0.6460           2.4879       2.1351       0.3529   909.9
0.6470           2.4640       1.9700       0.4941  1274.1
0.6480           2.4564       1.9771       0.4793  1236.0
0.6490           2.4745       2.1387       0.3358   865.9
0.6500           2.4825       2.3159       0.1666   429.7
0.6510           2.4756       2.3923       0.0833   214.9
0.6520           2.4724       2.3197       0.1526   393.6
0.6530           2.4555       2.1394       0.3161   815.1
0.6540           2.4479       1.9554       0.4925  1270.1
0.6550           2.4428       1.9322       0.5106  1316.7
0.6560           2.4598       2.1477       0.3121   804.9
0.6570           2.4919       2.3445       0.1473   379.9
0.6580           2.4607       2.1782       0.2825   728.5
0.6590           2.4545       1.9415       0.5129  1322.8
0.6600           2.4789       1.9970       0.4819  1242.7
0.6610           2.4959       2.2167       0.2792   720.0
0.6620           2.5122       2.3725       0.1398   360.5
0.6630           2.5086       2.3568       0.1519   391.7
0.6640           2.5043       2.1968       0.3075   793.0
0.6650           2.4767       2.0411       0.4357  1123.5
0.6660           2.4668       2.0453       0.4215  1086.9
0.6670           2.4923       2.1615       0.3307   852.9
0.6680           2.5076       2.1705       0.3371   869.3
0.6690           2.4896       2.0858       0.4038  1041.3
0.6700           2.4759       2.0226       0.4532  1168.8
0.6710           2.4697       2.0597       0.4100  1057.4
0.6720           2.4710       2.2081       0.2628   677.8
0.6730           2.4606       2.3604       0.1001   258.3
0.6740           2.4592       2.3944       0.0648   167.0
0.6750           2.4554       2.2757       0.1796   463.3
0.6760           2.4574       2.0558       0.4016  1035.6
0.6770           2.4392       1.8934       0.5457  1407.4
0.6780           2.4294       2.0016       0.4277  1103.0
0.6790           2.4730       2.3129       0.1601   412.8
0.6800           2.4706       2.3099       0.1607   414.4
0.6810           2.4253       1.9948       0.4305  1110.2
0.6820           2.3811       1.9106       0.4704  1213.2
0.6830           2.3888       2.0862       0.3026   780.3
0.6840           2.4040       2.2800       0.1240   319.9
0.6850           2.4013       2.3279       0.0734   189.2
0.6860           2.3957       2.2111       0.1846   476.1
0.6870           2.3765       2.0348       0.3417   881.1
0.6880           2.3605       1.9954       0.3651   941.6
0.6890           2.3736       2.1502       0.2234   576.1
0.6900           2.3787       2.2252       0.1535   395.8
0.6910           2.3625       2.0866       0.2759   711.5
0.6920           2.3835       1.9640       0.4195  1081.7
0.6930           2.3875       2.0246       0.3629   935.9
0.6940           2.4017       2.2037       0.1980   510.7
0.6950           2.4124       2.3577       0.0547   141.0
0.6960           2.4068       2.3796       0.0272    70.1
0.6970           2.4083       2.2553       0.1530   394.6
0.6980           2.3992       2.0744       0.3248   837.5
0.6990           2.3949       1.9851       0.4098  1056.8
0.7000           2.3952       2.0767       0.3185   821.3
0.7010           2.4228       2.2204       0.2024   521.9
0.7020           2.4189       2.1916       0.2273   586.1
0.7030           2.4011       2.0351       0.3660   943.9
0.7040           2.4123       2.0286       0.3837   989.5
0.7050           2.4255       2.1893       0.2363   609.3
0.7060           2.4413       2.3387       0.1026   264.6
0.7070           2.4362       2.3393       0.0970   250.0
0.7080           2.4270       2.1669       0.2601   670.8
0.7090           2.3799       1.9473       0.4326  1115.6
0.7100           2.3862       1.9050       0.4812  1240.9
0.7110           2.4045       2.1692       0.2353   606.9
0.7120           2.4292       2.3464       0.0828   213.5
0.7130           2.3946       2.0956       0.2990   771.0
0.7140           2.3910       1.8844       0.5066  1306.4
0.7150           2.3831       1.9805       0.4026  1038.2
0.7160           2.4039       2.1935       0.2105   542.8
0.7170           2.4102       2.3207       0.0895   230.8
0.7180           2.4118       2.2833       0.1284   331.2
0.7190           2.4022       2.1261       0.2761   712.0
0.7200           2.3845       1.9847       0.3998  1031.0
0.7210           2.3863       1.9940       0.3923  1011.7
0.7220           2.3851       2.1263       0.2587   667.2
0.7230           2.3858       2.1763       0.2094   540.1
0.7240           2.3852       2.0703       0.3149   812.2
0.7250           2.3667       1.9729       0.3938  1015.4
0.7260           2.3692       2.0283       0.3408   878.9
0.7270           2.3698       2.1864       0.1834   473.0
0.7280           2.3843       2.3026       0.0817   210.7
0.7290           2.3836       2.2813       0.1023   263.8
0.7300           2.3798       2.1201       0.2597   669.7
0.7310           2.3622       1.9265       0.4357  1123.6
0.7320           2.3589       1.9081       0.4508  1162.5
0.7330           2.3766       2.1449       0.2318   597.6
0.7340           2.3983       2.2945       0.1037   267.5
0.7350           2.3659       2.0929       0.2730   704.0
0.7360           2.3594       1.8918       0.4676  1205.7
0.7370           2.3566       1.9510       0.4056  1046.0
0.7380           2.3789       2.1444       0.2345   604.7
0.7390           2.3748       2.2842       0.0907   233.8
0.7400           2.3776       2.2839       0.0938   241.9
0.7410           2.3623       2.1643       0.1980   510.7
0.7420           2.3465       2.0280       0.3185   821.2
0.7430           2.3372       1.9848       0.3525   908.9
0.7440           2.3345       2.0523       0.2821   727.5
0.7450           2.3434       2.1300       0.2134   550.3
0.7460           2.3563       2.1169       0.2394   617.3
0.7470           2.3383       2.0220       0.3163   815.7
0.7480           2.3378       1.9830       0.3547   914.8
0.7490           2.3524       2.0821       0.2703   697.1
0.7500           2.3609       2.2159       0.1450   373.9
0.7510           2.3604       2.2537       0.1067   275.2
0.7520           2.3569       2.1547       0.2022   521.4
0.7530           2.3377       1.9869       0.3508   904.6
0.7540           2.3204       1.9156       0.4048  1043.9
0.7550           2.3132       2.0610       0.2521   650.2
0.7560           2.3515       2.2251       0.1264   326.1
0.7570           2.3542       2.1318       0.2223   573.4
0.7580           2.3306       1.9453       0.3853   993.5
0.7590           2.3277       1.9166       0.4111  1060.2
0.7600           2.3308       2.0443       0.2865   738.8
0.7610           2.3467       2.2008       0.1460   376.4
0.7620           2.3506       2.2751       0.0756   194.8
0.7630           2.3416       2.2195       0.1221   314.9
0.7640           2.3343       2.0726       0.2617   674.8
0.7650           2.3291       1.9339       0.3952  1019.0
0.7660           2.3368       1.9347       0.4021  1037.0
0.7670           2.3426       2.1020       0.2406   620.4
0.7680           2.3621       2.2197       0.1424   367.3
0.7690           2.3443       2.0894       0.2549   657.4
0.7700           2.3094       1.9311       0.3783   975.6
0.7710           2.3049       1.9684       0.3365   867.8
0.7720           2.3189       2.1168       0.2021   521.2
0.7730           2.3242       2.2162       0.1080   278.6
0.7740           2.3125       2.1867       0.1259   324.5
0.7750           2.3073       2.0539       0.2534   653.5
0.7760           2.2962       1.9339       0.3622   934.1
0.7770           2.2942       1.9593       0.3349   863.5
0.7780           2.3143       2.0985       0.2159   556.7
0.7790           2.3202       2.1381       0.1821   469.5
0.7800           2.3001       2.0224       0.2777   716.2
0.7810           2.2899       1.9193       0.3706   955.6
0.7820           2.3078       1.9615       0.3463   893.1
0.7830           2.3209       2.1011       0.2198   566.8
0.7840           2.3289       2.2150       0.1140   293.9
0.7850           2.3238       2.2100       0.1138   293.5
0.7860           2.3119       2.0854       0.2265   584.0
0.7870           2.3016       1.9285       0.3731   962.2
0.7880           2.3000       1.8958       0.4042  1042.3
0.7890           2.3189       2.0638       0.2551   657.8
0.7900           2.3506       2.2000       0.1506   388.3
0.7910           2.3246       2.0662       0.2583   666.2
0.7920           2.3068       1.8946       0.4122  1062.9
0.7930           2.2969       1.9268       0.3702   954.6
0.7940           2.2936       2.0859       0.2077   535.7
0.7950           2.3018       2.1994       0.1024   264.1
0.7960           2.2958       2.1872       0.1086   280.0
0.7970           2.2748       2.0675       0.2073   534.5
0.7980           2.2677       1.9407       0.3270   843.3
0.7990           2.2692       1.9457       0.3235   834.2
0.8000           2.2671       2.0877       0.1794   462.6
0.8010           2.2826       2.1411       0.1415   364.8
0.8020           2.2639       2.0103       0.2537   654.2
0.8030           2.2724       1.9050       0.3674   947.5
0.8040           2.2821       1.9716       0.3105   800.8
0.8050           2.2809       2.1235       0.1574   405.9
0.8060           2.2909       2.2201       0.0707   182.4
0.8070           2.2886       2.1884       0.1002   258.3
0.8080           2.2915       2.0449       0.2467   636.1
0.8090           2.2852       1.9195       0.3658   943.3
0.8100           2.2782       1.9763       0.3020   778.7
0.8110           2.3009       2.1717       0.1293   333.4
0.8120           2.3000       2.1888       0.1111   286.6
0.8130           2.2698       2.0049       0.2649   683.2
0.8140           2.2586       1.9324       0.3262   841.3
0.8150           2.2567       2.0445       0.2122   547.2
0.8160           2.2541       2.1754       0.0787   203.0
0.8170           2.2584       2.1957       0.0627   161.7
0.8180           2.2407       2.0864       0.1544   398.1
0.8190           2.2371       1.9384       0.2987   770.3
0.8200           2.2549       1.9166       0.3382   872.2
0.8210           2.2681       2.0976       0.1705   439.7
0.8220           2.2706       2.2035       0.0671   173.0
0.8230           2.2581       2.0370       0.2211   570.1
0.8240           2.2346       1.8904       0.3442   887.7
0.8250           2.2638       1.9476       0.3163   815.6
0.8260           2.2733       2.1032       0.1702   438.8
0.8270           2.2822       2.1952       0.0870   224.3
0.8280           2.2836       2.1596       0.1240   319.7
0.8290           2.2929       2.0256       0.2673   689.3
0.8300           2.2529       1.9176       0.3353   864.7
0.8310           2.2664       1.9584       0.3081   794.4
0.8320           2.2679       2.0974       0.1704   439.5
0.8330           2.2686       2.1145       0.1541   397.4
0.8340           2.2610       1.9838       0.2772   714.9
0.8350           2.2568       1.9121       0.3447   888.9
0.8360           2.2568       1.9920       0.2647   682.7
0.8370           2.2648       2.1296       0.1353   348.8
0.8380           2.2764       2.2116       0.0647   167.0
0.8390           2.2830       2.1801       0.1029   265.3
0.8400           2.2742       2.0423       0.2319   598.0
0.8410           2.2597       1.9049       0.3548   915.1
0.8420           2.2507       1.9102       0.3405   878.2
0.8430           2.2624       2.0770       0.1854   478.2
0.8440           2.2599       2.1560       0.1040   268.1
0.8450           2.2403       2.0170       0.2232   575.6
0.8460           2.2351       1.8904       0.3447   888.8
0.8470           2.2432       1.9388       0.3044   785.0
0.8480           2.2456       2.0787       0.1670   430.5
0.8490           2.2504       2.1684       0.0820   211.4
0.8500           2.2392       2.1369       0.1023   263.8
0.8510           2.2325       2.0188       0.2138   551.2
0.8520           2.2256       1.9234       0.3022   779.4
0.8530           2.2349       1.9669       0.2680   691.0
0.8540           2.2491       2.0939       0.1552   400.3
0.8550           2.2607       2.1044       0.1562   402.9
0.8560           2.2488       1.9819       0.2669   688.2
0.8570           2.2542       1.9125       0.3417   881.2
0.8580           2.2647       1.9858       0.2789   719.3
0.8590           2.2635       2.1199       0.1436   370.3
0.8600           2.2618       2.1949       0.0669   172.6
0.8610           2.2576       2.1504       0.1072   276.5
0.8620           2.2458       2.0125       0.2333   601.6
0.8630           2.2291       1.8909       0.3383   872.3
0.8640           2.2388       1.9323       0.3065   790.4
0.8650           2.2530       2.1296       0.1234   318.2
0.8660           2.2543       2.1837       0.0705   181.9
0.8670           2.2274       2.0011       0.2263   583.7
0.8680           2.2212       1.8830       0.3382   872.1
0.8690           2.2506       1.9650       0.2857   736.7
0.8700           2.2692       2.1242       0.1450   374.0
0.8710           2.2716       2.2066       0.0650   167.6
0.8720           2.2754       2.1620       0.1134   292.5
0.8730           2.2704       2.0310       0.2394   617.3
0.8740           2.2680       1.9189       0.3491   900.2
0.8750           2.2575       1.9470       0.3105   800.7
0.8760           2.2676       2.0787       0.1889   487.2
0.8770           2.2759       2.1259       0.1501   387.0
0.8780           2.2625       2.0165       0.2459   634.2
0.8790           2.2483       1.9255       0.3228   832.5
0.8800           2.2566       1.9791       0.2775   715.5
0.8810           2.2594       2.1067       0.1527   393.8
0.8820           2.2657       2.1793       0.0864   222.8
0.8830           2.2606       2.1347       0.1259   324.7
0.8840           2.2602       1.9964       0.2638   680.2
0.8850           2.2460       1.8855       0.3605   929.7
0.8860           2.2403       1.9423       0.2981   768.6
0.8870           2.2480       2.1109       0.1370   353.3
0.8880           2.2456       2.1146       0.1310   337.8
0.8890           2.2274       1.9509       0.2765   713.0
0.8900           2.2057       1.8806       0.3251   838.4
0.8910           2.2172       1.9681       0.2491   642.4
0.8920           2.2249       2.0978       0.1271   327.7
0.8930           2.2294       2.1556       0.0739   190.5
0.8940           2.2237       2.1080       0.1157   298.4
0.8950           2.2173       2.0022       0.2151   554.7
0.8960           2.2114       1.9325       0.2789   719.2
0.8970           2.2131       1.9654       0.2477   638.8
0.8980           2.2107       2.0455       0.1652   426.1
0.8990           2.2066       2.0382       0.1684   434.2
0.9000           2.1919       1.9531       0.2388   615.9
0.9010           2.1860       1.9161       0.2699   696.1
0.9020           2.1950       1.9834       0.2116   545.6
0.9030           2.1941       2.0827       0.1114   287.4
0.9040           2.1909       2.1148       0.0761   196.3
0.9050           2.1915       2.0476       0.1439   371.0
0.9060           2.1943       1.9291       0.2651   683.7
0.9070           2.1928       1.8822       0.3107   801.2
0.9080           2.2027       1.9859       0.2168   559.1
0.9090           2.2185       2.1017       0.1168   301.2
0.9100           2.2099       2.0423       0.1676   432.3
0.9110           2.1854       1.9088       0.2766   713.3
0.9120           2.1867       1.8962       0.2905   749.2
0.9130           2.2121       2.0020       0.2101   541.8
0.9140           2.2040       2.1061       0.0978   252.3
0.9150           2.2018       2.1123       0.0894   230.7
0.9160           2.1828       2.0247       0.1581   407.7
0.9170           2.1746       1.9226       0.2520   650.0
0.9180           2.1780       1.9106       0.2674   689.5
0.9190           2.2013       2.0103       0.1910   492.4
0.9200           2.2263       2.0897       0.1365   352.1
0.9210           2.2117       2.0216       0.1901   490.1
0.9220           2.2053       1.9119       0.2934   756.5
0.9230           2.2079       1.9292       0.2786   718.5
0.9240           2.2185       2.0485       0.1700   438.4
0.9250           2.2248       2.1466       0.0782   201.6
0.9260           2.2294       2.1375       0.0919   236.9
0.9270           2.2313       2.0222       0.2092   539.4
0.9280           2.2187       1.8996       0.3191   822.9
0.9290           2.2237       1.9111       0.3127   806.3
0.9300           2.2463       2.0751       0.1711   441.2
0.9310           2.2588       2.1525       0.1063   274.2
0.9320           2.2336       2.0117       0.2220   572.5
0.9330           2.2127       1.8864       0.3263   841.4
0.9340           2.2251       1.9299       0.2952   761.2
0.9350           2.2307       2.0629       0.1678   432.7
0.9360           2.2303       2.1520       0.0782   201.8
0.9370           2.2269       2.1323       0.0945   243.7
0.9380           2.2283       2.0262       0.2021   521.1
0.9390           2.2210       1.9255       0.2956   762.2
0.9400           2.2074       1.9348       0.2726   703.0
0.9410           2.1966       2.0416       0.1550   399.6
0.9420           2.2081       2.0910       0.1171   302.0
0.9430           2.2076       2.0092       0.1984   511.6
0.9440           2.1924       1.9248       0.2675   689.9
0.9450           2.1885       1.9546       0.2339   603.3
0.9460           2.1908       2.0616       0.1293   333.4
0.9470           2.1903       2.1370       0.0533   137.5
0.9480           2.1918       2.1168       0.0750   193.4
0.9490           2.1795       2.0101       0.1693   436.7
0.9500           2.1735       1.9011       0.2724   702.4
0.9510           2.1711       1.9086       0.2624   676.8
0.9520           2.1663       2.0464       0.1199   309.1
0.9530           2.1722       2.1161       0.0560   144.5
0.9540           2.1578       2.0067       0.1511   389.6
0.9550           2.1471       1.8924       0.2547   656.9
0.9560           2.1585       1.9208       0.2377   613.1
0.9570           2.1512       2.0352       0.1160   299.1
0.9580           2.1567       2.1163       0.0404   104.1
0.9590           2.1591       2.1013       0.0578   149.1
0.9600           2.1526       2.0083       0.1443   372.2
0.9610           2.1457       1.9217       0.2240   577.6
0.9620           2.1493       1.9330       0.2163   557.7
0.9630           2.1540       2.0352       0.1188   306.4
0.9640           2.1565       2.0856       0.0709   182.8
0.9650           2.1568       2.0041       0.1527   393.8
0.9660           2.1534       1.9152       0.2382   614.3
0.9670           2.1485       1.9375       0.2110   544.1
0.9680           2.1515       2.0372       0.1143   294.7
0.9690           2.1567       2.1078       0.0489   126.1
0.9700           2.1640       2.0894       0.0746   192.3
0.9710           2.1694       1.9906       0.1788   461.2
0.9720           2.1622       1.9001       0.2620   675.8
0.9730           2.1700       1.9322       0.2378   613.2
0.9740           2.1769       2.0759       0.1010   260.5
0.9750           2.1884       2.1174       0.0710   183.2
0.9760           2.1789       1.9858       0.1931   498.0
0.9770           2.1731       1.8888       0.2844   733.3
0.9780           2.1778       1.9336       0.2442   629.8
0.9790           2.1857       2.0508       0.1349   348.0
0.9800           2.1948       2.1333       0.0615   158.5
0.9810           2.1939       2.1215       0.0724   186.7
0.9820           2.1906       2.0280       0.1626   419.3
0.9830           2.1816       1.9268       0.2548   656.9
0.9840           2.1807       1.9160       0.2648   682.7
0.9850           2.1883       2.0179       0.1704   439.4
0.9860           2.1997       2.1048       0.0949   244.7
0.9870           2.1895       2.0442       0.1453   374.6
0.9880           2.1862       1.9288       0.2574   663.9
0.9890           2.1955       1.9285       0.2670   688.4
0.9900           2.2120       2.0374       0.1746   450.2
0.9910           2.2137       2.1334       0.0803   207.1
0.9920           2.2159       2.1272       0.0887   228.8
0.9930           2.2055       2.0252       0.1803   465.0
0.9940           2.1987       1.9226       0.2761   711.9
0.9950           2.1944       1.9362       0.2581   665.7
0.9960           2.2063       2.0599       0.1464   377.7
0.9970           2.2116       2.1095       0.1021   263.3
0.9980           2.2165       2.0078       0.2087   538.3
0.9990           2.2247       1.9155       0.3092   797.4
1.0000           2.2365       1.9612       0.2753   710.0
